// Jest Snapshot v1, https://goo.gl/fbAQLP

exports[`Filter Reducer should match snapshot 1`] = `"All"`;
